CONCEPTOS

Directorio:
Un directorio es una carpeta que se utiliza para organizar 
y almacenar archivos. Los directorios pueden contener archivos
y subdirectorios,lo que permite una estructura jerárquica de 
organización de archivos en un sistema de archivos.

Repositorio:
Un repositorio es un concepto en el contexto de control de versiones. 
Es un lugar centralizado donde se almacenan y gestionan los archivos 
de un proyecto, junto con toda la información sobre su historial de cambios.

En Git, por ejemplo, un repositorio Git es un almacén de datos que 
contiene todos los archivos del proyecto, así como la información sobre 
quién hizo cambios, cuándo se hicieron y los propios cambios. Esta información
se almacena en una estructura de datos especial que permite llevar un seguimiento
del historial de versiones y colaborar con otros desarrolladores.

Los repositorios pueden ser locales, es decir, en tu propio sistema, o remotos, 
alojados en servicios como GitHub, GitLab o Bitbucket, donde varios desarrolladores
pueden colaborar en un proyecto de forma distribuida.

//////////////////////////////////////////////////////////////////////////////////////////

COMANDOS PARA EL CONTROL DE VERSIONES

CREAR UN REPOSITORIO

1. C:\Users\Jose\Desktop\Desarrollo React\04-gif-expert-app> git init

2. C:\Users\Jose\Desktop\Desarrollo React\04-gif-expert-app> git add .

3. C:\Users\Jose\Desktop\Desarrollo React\04-gif-expert-app> git commit -m "first commit"

4. C:\Users\Jose\Desktop\Desarrollo React\04-gif-expert-app> git checkout -- .

5 C:\Users\Jose\Desktop\Desarrollo React\04-gif-expert-app> git push



OJO : …or create a new repository on the command line
echo "# project-vite-app" >> README.md
git init
git add README.md
git commit -m "first commit"
git branch -M main
git remote add origin https://github.com/joseluisprogramador/project-vite-app.git
git push -u origin main
…or push an existing repository from the command line
git remote add origin https://github.com/joseluisprogramador/project-vite-app.git
git branch -M main
git push -u origin main

//////////////////////////////////////////////////////////////////////////////////////////


PS C:\Users\Jose\Desktop\Desarrollo React\04-gif-expert-app> git init
Initialized empty Git repository in C:/Users/Jose/Desktop/Desarrollo React/04-gif-expert-app/.git/
PS C:\Users\Jose\Desktop\Desarrollo React\04-gif-expert-app> git status
On branch master

No commits yet

Untracked files:
  (use "git add <file>..." to include in what will be committed)
        .eslintrc.cjs
        .gitignore   
        Control-Versiones.txt
        docs/
        index.html
        package.json
        public/
        src/
        vite.config.js
        yarn.lock

nothing added to commit but untracked files present (use "git add" to track)
PS C:\Users\Jose\Desktop\Desarrollo React\04-gif-expert-app> git add .
warning: in the working copy of '.eslintrc.cjs', LF will be replaced by CRLF the next time Git touches it
warning: in the working copy of '.gitignore', LF will be replaced by CRLF the next time Git touches it
warning: in the working copy of 'docs/assets/index-36afc740.css', LF will be replaced by CRLF the next time Git 
touches it
warning: in the working copy of 'docs/assets/index-89fb33ab.js', LF will be replaced by CRLF the next time Git touches it
warning: in the working copy of 'docs/index.html', LF will be replaced by CRLF the next time Git touches it     
warning: in the working copy of 'index.html', LF will be replaced by CRLF the next time Git touches it
warning: in the working copy of 'package.json', LF will be replaced by CRLF the next time Git touches it        
warning: in the working copy of 'src/main.jsx', LF will be replaced by CRLF the next time Git touches it        
warning: in the working copy of 'vite.config.js', LF will be replaced by CRLF the next time Git touches it      
PS C:\Users\Jose\Desktop\Desarrollo React\04-gif-expert-app> git status
On branch master

No commits yet

Changes to be committed:
  (use "git rm --cached <file>..." to unstage)
        new file:   .eslintrc.cjs
        new file:   .gitignore
        new file:   Control-Versiones.txt
        new file:   README.md
        new file:   docs/assets/index-36afc740.css
        new file:   docs/assets/index-89fb33ab.js
        new file:   docs/index.html
        new file:   docs/vite.svg
        new file:   index.html
        new file:   package.json
        new file:   public/vite.svg
        new file:   src/GitExpertApp.jsx
        new file:   src/components/AddCategory.jsx
        new file:   src/components/GifItem.jsx
        new file:   src/components/GitGrid.jsx
        new file:   src/helpers/GetGifs.js
        new file:   src/main.jsx
        new file:   src/styles.css
        new file:   vite.config.js
        new file:   yarn.lock

PS C:\Users\Jose\Desktop\Desarrollo React\04-gif-expert-app> git commit -m "first commit"
Author identity unknown

*** Please tell me who you are.


PS C:\Users\Jose\Desktop\Desarrollo React\04-gif-expert-app> git commit -m "first commit"
[master (root-commit) 497a5f3] first commit       
 21 files changed, 2827 insertions(+)
 create mode 100644 .eslintrc.cjs
 create mode 100644 .gitignore
 create mode 100644 Control-Versiones.txt
 create mode 100644 README.md
 create mode 100644 docs/assets/index-36afc740.css
 create mode 100644 docs/assets/index-89fb33ab.js 
 create mode 100644 docs/index.html
 create mode 100644 docs/vite.svg
 create mode 100644 index.html
 create mode 100644 package.json
 create mode 100644 public/vite.svg
PS C:\Users\Jose\Desktop\Desarrollo React\04-gif-expert-app> git remote -v
PS C:\Users\Jose\Desktop\Desarrollo React\04-gif-expert-app> ^C
PS C:\Users\Jose\Desktop\Desarrollo React\04-gif-expert-app> git remote add origin https://github.com/joseluisprogramador/project-vite.git
PS C:\Users\Jose\Desktop\Desarrollo React\04-gif-expert-app> git branch -M main
PS C:\Users\Jose\Desktop\Desarrollo React\04-gif-expert-app> git push -u origin main
Enumerating objects: 29, done.
Counting objects: 100% (29/29), done.  
Delta compression using up to 4 threads
Compressing objects: 100% (26/26), done.
Writing objects: 100% (29/29), 95.89 KiB | 2.74 MiB/s, done.
Total 29 (delta 1), reused 0 (delta 0), pack-reused 0
remote: Resolving deltas: 100% (1/1), done.
To https://github.com/joseluisprogramador/project-vite.git
 * [new branch]      main -> main
branch 'main' set up to track 'origin/main'.
PS C:\Users\Jose\Desktop\Desarrollo React\04-gif-expert-app>rd /s /q .git

